[33mÔØ»[39m Building...
[32mÔ£ö[39m Building...
Application bundle generation failed. [5.488 seconds] - 2025-12-11T17:35:39.863Z

